[index-2.html]
[_next/static/css/3aa24837f91424f5.css]
[_next/static/css/1664ba50efb73300.css]
[_next/static/chunks/polyfills-5cd94c89d3acac5f.js]
[_next/static/chunks/webpack-5761f3a204ffdf4a.js]
[_next/static/chunks/framework-5f4595e5518b5600.js]
[_next/static/chunks/main-a054bbf31fb90f6a.js]
[_next/static/chunks/pages/_app-2d13e1cd93eac944.js]
[_next/static/chunks/9b380ffa-67128dc2ddb697d0.js]
[_next/static/chunks/917-a841a9ad013432a2.js]
[_next/static/chunks/750-4c9aa3bc18c0e472.js]
[_next/static/chunks/66-2a4a232d7bbe37b1.js]
[_next/static/chunks/826-75d71892ee1dba5d.js]
[_next/static/chunks/298-d5ee22b749d05588.js]
[_next/static/chunks/pages/index-08ae02ba92f2edd7.js]
[_next/static/EV30tlEcUKOHA6ltIrSIH/_buildManifest.js]
[_next/static/EV30tlEcUKOHA6ltIrSIH/_ssgManifest.js]
[_next/static/EV30tlEcUKOHA6ltIrSIH/_middlewareManifest.js]
[backblue.gif]
[fade.gif]
[index.html]
[img/loader.png]
[index-2.html]
[_next/static/css/3aa24837f91424f5.css]
[_next/static/media/ajax-loader.0b80f665.gif]
[_next/static/media/slick.25572f22.eot]
[_next/static/media/slick.25572f22d41d.eot]
[_next/static/media/slick.653a4cbb.woff]
[_next/static/media/slick.6aa1ee46.ttf]
[_next/static/media/slick.f895cfdf.svg]
[_next/static/css/1664ba50efb73300.css]
[_next/static/media/slick.f895cfdf.svg]
